==================== 2026-08-18T00:27:44.497461Z | 00000000-0000-0000-0000-000000000000 ====================
==================== 2026-08-18T00:27:44.497575Z | 96781f06-506d-4aa8-b29c-7c8be3502ffc ====================
00:27:44.497630 [info ]: Starting dbt LSP server
00:27:44.497661 [info ]: Connecting to LSP client on port 8000
00:27:44.498032 [info ]: Successfully connected to LSP client
00:27:44.498053 [info ]: Creating LSP service...
00:27:44.498967 [info ]: Creating LSP server...
00:27:44.498972 [info ]: Starting LSP server...
00:27:44.528777 [info ]: Loading ~/.dbt/profiles.yml
00:27:44.530283 [info ]: Loading ~/.dbt/profiles.yml
00:27:44.530946 [info ]: Loading ~/.dbt/profiles.yml
00:27:44.894295 [info ]: Loading ~/.dbt/profiles.yml
==================== 2026-08-18T00:28:50.969371Z | 00000000-0000-0000-0000-000000000000 ====================
==================== 2026-08-18T00:28:50.969451Z | 38ba4755-3bc1-435b-8482-18739c7d003c ====================
00:28:50.969460 [info ]: Starting dbt LSP server
00:28:50.969471 [info ]: Connecting to LSP client on port 8000
00:28:50.969650 [info ]: Successfully connected to LSP client
00:28:50.969655 [info ]: Creating LSP service...
00:28:50.970891 [info ]: Creating LSP server...
00:28:50.970897 [info ]: Starting LSP server...
00:28:50.978230 [info ]: Loading ~/.dbt/profiles.yml
00:28:50.979253 [info ]: Loading ~/.dbt/profiles.yml
00:28:50.979738 [info ]: Loading ~/.dbt/profiles.yml
00:35:27.535426 [info ]: Loading ~/.dbt/profiles.yml
00:35:28.033057 [info ]: Loading ~/.dbt/profiles.yml
00:45:33.533821 [info ]: Loading ~/.dbt/profiles.yml
00:45:52.303329 [info ]: Loading ~/.dbt/profiles.yml
00:46:25.479116 [info ]: Loading ~/.dbt/profiles.yml
00:48:49.327133 [info ]: Loading ~/.dbt/profiles.yml
00:48:49.832279 [info ]: Loading ~/.dbt/profiles.yml
00:48:50.771444 [info ]: Loading ~/.dbt/profiles.yml
00:48:53.055419 [info ]: Loading ~/.dbt/profiles.yml
00:48:54.026083 [info ]: Loading ~/.dbt/profiles.yml
00:48:57.217341 [info ]: Loading ~/.dbt/profiles.yml
00:49:00.771326 [info ]: Loading ~/.dbt/profiles.yml
00:49:01.516263 [info ]: Loading ~/.dbt/profiles.yml
00:49:59.908900 [info ]: Loading ~/.dbt/profiles.yml
00:53:40.878356 [info ]: Loading ~/.dbt/profiles.yml
00:53:52.015179 [info ]: Loading ~/.dbt/profiles.yml
00:56:29.417166 [info ]: Loading ~/.dbt/profiles.yml
00:58:10.737559 [info ]: Loading ~/.dbt/profiles.yml
00:58:12.208205 [info ]: Loading ~/.dbt/profiles.yml
00:58:13.422167 [info ]: Loading ~/.dbt/profiles.yml
00:58:14.539724 [info ]: Loading ~/.dbt/profiles.yml
00:58:19.721368 [info ]: Loading ~/.dbt/profiles.yml
00:58:22.547215 [info ]: Loading ~/.dbt/profiles.yml
00:58:23.625406 [info ]: Loading ~/.dbt/profiles.yml
00:58:46.634074 [info ]: Loading ~/.dbt/profiles.yml
00:59:00.881388 [info ]: Loading ~/.dbt/profiles.yml
00:59:01.394226 [info ]: Loading ~/.dbt/profiles.yml
00:59:35.376204 [info ]: Loading ~/.dbt/profiles.yml
00:59:49.711600 [info ]: Loading ~/.dbt/profiles.yml
01:00:26.346517 [info ]: Loading ~/.dbt/profiles.yml
01:00:45.158283 [info ]: Loading ~/.dbt/profiles.yml
01:00:56.000409 [info ]: Loading ~/.dbt/profiles.yml
01:01:01.606204 [info ]: Loading ~/.dbt/profiles.yml
01:01:29.918312 [info ]: Loading ~/.dbt/profiles.yml
01:03:11.982037 [info ]: Loading ~/.dbt/profiles.yml
01:15:12.061512 [info ]: Loading ~/.dbt/profiles.yml
01:15:17.215115 [info ]: Loading ~/.dbt/profiles.yml
01:15:17.862830 [info ]: Loading ~/.dbt/profiles.yml
01:15:19.064071 [info ]: Loading ~/.dbt/profiles.yml
01:15:25.497731 [info ]: Loading ~/.dbt/profiles.yml
01:15:26.226074 [info ]: Loading ~/.dbt/profiles.yml
01:15:36.649212 [info ]: Loading ~/.dbt/profiles.yml
01:16:05.033897 [info ]: Loading ~/.dbt/profiles.yml
01:22:22.050152 [info ]: Loading ~/.dbt/profiles.yml
01:22:25.711510 [info ]: Loading ~/.dbt/profiles.yml
01:22:26.642755 [info ]: Loading ~/.dbt/profiles.yml
01:22:38.587818 [info ]: Loading ~/.dbt/profiles.yml
01:22:43.001350 [info ]: Loading ~/.dbt/profiles.yml
01:26:34.859043 [info ]: Loading ~/.dbt/profiles.yml
01:26:35.386184 [info ]: Loading ~/.dbt/profiles.yml
01:26:35.896278 [info ]: Loading ~/.dbt/profiles.yml
01:26:40.383879 [info ]: Loading ~/.dbt/profiles.yml
01:27:23.511256 [info ]: Loading ~/.dbt/profiles.yml
01:27:24.055078 [info ]: Loading ~/.dbt/profiles.yml
01:27:56.847534 [info ]: Loading ~/.dbt/profiles.yml
01:27:57.191784 [info ]: Loading ~/.dbt/profiles.yml
20:16:17.992715 [info ]: Loading ~/.dbt/profiles.yml
20:16:19.963853 [info ]: Loading ~/.dbt/profiles.yml
20:18:50.723221 [info ]: Loading ~/.dbt/profiles.yml
20:20:29.393320 [info ]: Loading ~/.dbt/profiles.yml
20:33:45.908868 [info ]: Loading ~/.dbt/profiles.yml
20:33:46.428747 [info ]: Loading ~/.dbt/profiles.yml
20:33:55.307048 [info ]: Loading ~/.dbt/profiles.yml
20:34:01.306683 [info ]: Loading ~/.dbt/profiles.yml
20:34:04.025493 [info ]: Loading ~/.dbt/profiles.yml
20:34:05.193652 [info ]: Loading ~/.dbt/profiles.yml
20:34:05.723868 [info ]: Loading ~/.dbt/profiles.yml
20:34:06.262787 [info ]: Loading ~/.dbt/profiles.yml
20:34:06.767446 [info ]: Loading ~/.dbt/profiles.yml
20:34:07.265317 [info ]: Loading ~/.dbt/profiles.yml
20:34:07.797129 [info ]: Loading ~/.dbt/profiles.yml
20:34:08.389235 [info ]: Loading ~/.dbt/profiles.yml
20:39:08.519135 [info ]: Loading ~/.dbt/profiles.yml
20:39:09.887638 [info ]: Loading ~/.dbt/profiles.yml
20:39:25.426281 [info ]: Loading ~/.dbt/profiles.yml
20:45:00.096172 [info ]: Loading ~/.dbt/profiles.yml
21:11:39.309189 [info ]: Loading ~/.dbt/profiles.yml
21:43:27.583763 [info ]: Loading ~/.dbt/profiles.yml
21:44:05.616640 [info ]: Loading ~/.dbt/profiles.yml
21:44:29.078478 [info ]: Loading ~/.dbt/profiles.yml
22:06:45.151647 [info ]: Loading ~/.dbt/profiles.yml
22:06:58.010999 [info ]: Loading ~/.dbt/profiles.yml
22:07:01.322306 [info ]: Loading ~/.dbt/profiles.yml
22:07:01.820636 [info ]: Loading ~/.dbt/profiles.yml
